// Jest Snapshot v1, https://goo.gl/fbAQLP

exports[`moviesHandler returns valid response 1`] = `
Response {
  "size": 0,
  "timeout": 0,
  Symbol(Body internals): Object {
    "body": Object {
      "data": Array [
        123,
        10,
        32,
        32,
        34,
        73,
        68,
        34,
        58,
        32,
        34,
        116,
        116,
        50,
        52,
        56,
        56,
        52,
        57,
        54,
        34,
        44,
        10,
        32,
        32,
        34,
        80,
        111,
        115,
        116,
        101,
        114,
        34,
        58,
        32,
        34,
        104,
        116,
        116,
        112,
        115,
        58,
        47,
        47,
        109,
        46,
        109,
        101,
        100,
        105,
        97,
        45,
        97,
        109,
        97,
        122,
        111,
        110,
        46,
        99,
        111,
        109,
        47,
        105,
        109,
        97,
        103,
        101,
        115,
        47,
        77,
        47,
        77,
        86,
        53,
        66,
        79,
        84,
        65,
        122,
        79,
        68,
        69,
        122,
        78,
        68,
        65,
        122,
        77,
        108,
        53,
        66,
        77,
        108,
        53,
        66,
        97,
        110,
        66,
        110,
        88,
        107,
        70,
        116,
        90,
        84,
        103,
        119,
        77,
        68,
        85,
        49,
        77,
        84,
        103,
        122,
        78,
        122,
        69,
        64,
        46,
        95,
        86,
        49,
        95,
        83,
        88,
        51,
        48,
        48,
        46,
        106,
        112,
        103,
        34,
        44,
        10,
        32,
        32,
        34,
        84,
        105,
        116,
        108,
        101,
        34,
        58,
        32,
        34,
        83,
        116,
        97,
        114,
        32,
        87,
        97,
        114,
        115,
        58,
        32,
        69,
        112,
        105,
        115,
        111,
        100,
        101,
        32,
        86,
        73,
        73,
        32,
        45,
        32,
        84,
        104,
        101,
        32,
        70,
        111,
        114,
        99,
        101,
        32,
        65,
        119,
        97,
        107,
        101,
        110,
        115,
        34,
        44,
        10,
        32,
        32,
        34,
        84,
        121,
        112,
        101,
        34,
        58,
        32,
        34,
        109,
        111,
        118,
        105,
        101,
        34,
        10,
        125,
      ],
      "type": "Buffer",
    },
    "disturbed": false,
    "error": null,
  },
  Symbol(Response internals): Object {
    "counter": undefined,
    "headers": Headers {
      Symbol(map): Object {
        "content-type": Array [
          "application/json;charset=UTF-8",
        ],
      },
    },
    "status": 200,
    "statusText": "OK",
    "url": undefined,
  },
}
`;
