// Jest Snapshot v1, https://goo.gl/fbAQLP

exports[`getMovies correct responses from both only once source 1`] = `
Array [
  Object {
    "ID": "tt2488496",
    "Poster": "https://m.media-amazon.com/images/M/MV5BOTAzODEzNDAzMl5BMl5BanBnXkFtZTgwMDU1MTgzNzE@._V1_SX300.jpg",
    "Title": "Star Wars: Episode VII - The Force Awakens",
    "Type": "movie",
  },
  Object {
    "ID": "tt2527336",
    "Poster": "https://m.media-amazon.com/images/M/MV5BMjQ1MzcxNjg4N15BMl5BanBnXkFtZTgwNzgwMjY4MzI@._V1_SX300.jpg",
    "Title": "Star Wars: Episode VIII - The Last Jedi",
    "Type": "movie",
  },
  Object {
    "ID": "tt2527338",
    "Poster": "https://m.media-amazon.com/images/M/MV5BMDljNTQ5ODItZmQwMy00M2ExLTljOTQtZTVjNGE2NTg0NGIxXkEyXkFqcGdeQXVyODkzNTgxMDg@._V1_SX300.jpg",
    "Title": "Star Wars: Episode IX - The Rise of Skywalker",
    "Type": "movie",
  },
  Object {
    "ID": "tt3748528",
    "Poster": "https://m.media-amazon.com/images/M/MV5BMjEwMzMxODIzOV5BMl5BanBnXkFtZTgwNzg3OTAzMDI@._V1_SX300.jpg",
    "Title": "Rogue One: A Star Wars Story",
    "Type": "movie",
  },
  Object {
    "ID": "tt3778644",
    "Poster": "https://m.media-amazon.com/images/M/MV5BOTM2NTI3NTc3Nl5BMl5BanBnXkFtZTgwNzM1OTQyNTM@._V1_SX300.jpg",
    "Title": "Solo: A Star Wars Story",
    "Type": "movie",
  },
  Object {
    "ID": "tt0076759",
    "Poster": "https://m.media-amazon.com/images/M/MV5BNzVlY2MwMjktM2E4OS00Y2Y3LWE3ZjctYzhkZGM3YzA1ZWM2XkEyXkFqcGdeQXVyNzkwMjQ5NzM@._V1_SX300.jpg",
    "Title": "Star Wars: Episode IV - A New Hope",
    "Type": "movie",
  },
  Object {
    "ID": "tt0080684",
    "Poster": "https://m.media-amazon.com/images/M/MV5BYmU1NDRjNDgtMzhiMi00NjZmLTg5NGItZDNiZjU5NTU4OTE0XkEyXkFqcGdeQXVyNzkwMjQ5NzM@._V1_SX300.jpg",
    "Title": "Star Wars: Episode V - The Empire Strikes Back",
    "Type": "movie",
  },
  Object {
    "ID": "tt0086190",
    "Poster": "https://m.media-amazon.com/images/M/MV5BOWZlMjFiYzgtMTUzNC00Y2IzLTk1NTMtZmNhMTczNTk0ODk1XkEyXkFqcGdeQXVyNTAyODkwOQ@@._V1_SX300.jpg",
    "Title": "Star Wars: Episode VI - Return of the Jedi",
    "Type": "movie",
  },
  Object {
    "ID": "tt0120915",
    "Poster": "https://m.media-amazon.com/images/M/MV5BYTRhNjcwNWQtMGJmMi00NmQyLWE2YzItODVmMTdjNWI0ZDA2XkEyXkFqcGdeQXVyNTAyODkwOQ@@._V1_SX300.jpg",
    "Title": "Star Wars: Episode I - The Phantom Menace",
    "Type": "movie",
  },
  Object {
    "ID": "tt0121765",
    "Poster": "https://m.media-amazon.com/images/M/MV5BMDAzM2M0Y2UtZjRmZi00MzVlLTg4MjEtOTE3NzU5ZDVlMTU5XkEyXkFqcGdeQXVyNDUyOTg3Njg@._V1_SX300.jpg",
    "Title": "Star Wars: Episode II - Attack of the Clones",
    "Type": "movie",
  },
  Object {
    "ID": "tt0121766",
    "Poster": "https://m.media-amazon.com/images/M/MV5BNTc4MTc3NTQ5OF5BMl5BanBnXkFtZTcwOTg0NjI4NA@@._V1_SX300.jpg",
    "Title": "Star Wars: Episode III - Revenge of the Sith",
    "Type": "movie",
  },
]
`;

exports[`getMovies correct responses from both sources 1`] = `
Array [
  Object {
    "ID": "tt2488496",
    "Poster": "https://m.media-amazon.com/images/M/MV5BOTAzODEzNDAzMl5BMl5BanBnXkFtZTgwMDU1MTgzNzE@._V1_SX300.jpg",
    "Title": "Star Wars: Episode VII - The Force Awakens",
    "Type": "movie",
  },
  Object {
    "ID": "tt2527336",
    "Poster": "https://m.media-amazon.com/images/M/MV5BMjQ1MzcxNjg4N15BMl5BanBnXkFtZTgwNzgwMjY4MzI@._V1_SX300.jpg",
    "Title": "Star Wars: Episode VIII - The Last Jedi",
    "Type": "movie",
  },
  Object {
    "ID": "tt2527338",
    "Poster": "https://m.media-amazon.com/images/M/MV5BMDljNTQ5ODItZmQwMy00M2ExLTljOTQtZTVjNGE2NTg0NGIxXkEyXkFqcGdeQXVyODkzNTgxMDg@._V1_SX300.jpg",
    "Title": "Star Wars: Episode IX - The Rise of Skywalker",
    "Type": "movie",
  },
  Object {
    "ID": "tt3748528",
    "Poster": "https://m.media-amazon.com/images/M/MV5BMjEwMzMxODIzOV5BMl5BanBnXkFtZTgwNzg3OTAzMDI@._V1_SX300.jpg",
    "Title": "Rogue One: A Star Wars Story",
    "Type": "movie",
  },
  Object {
    "ID": "tt3778644",
    "Poster": "https://m.media-amazon.com/images/M/MV5BOTM2NTI3NTc3Nl5BMl5BanBnXkFtZTgwNzM1OTQyNTM@._V1_SX300.jpg",
    "Title": "Solo: A Star Wars Story",
    "Type": "movie",
  },
  Object {
    "ID": "tt0076759",
    "Poster": "https://m.media-amazon.com/images/M/MV5BNzVlY2MwMjktM2E4OS00Y2Y3LWE3ZjctYzhkZGM3YzA1ZWM2XkEyXkFqcGdeQXVyNzkwMjQ5NzM@._V1_SX300.jpg",
    "Title": "Star Wars: Episode IV - A New Hope",
    "Type": "movie",
  },
  Object {
    "ID": "tt0080684",
    "Poster": "https://m.media-amazon.com/images/M/MV5BYmU1NDRjNDgtMzhiMi00NjZmLTg5NGItZDNiZjU5NTU4OTE0XkEyXkFqcGdeQXVyNzkwMjQ5NzM@._V1_SX300.jpg",
    "Title": "Star Wars: Episode V - The Empire Strikes Back",
    "Type": "movie",
  },
  Object {
    "ID": "tt0086190",
    "Poster": "https://m.media-amazon.com/images/M/MV5BOWZlMjFiYzgtMTUzNC00Y2IzLTk1NTMtZmNhMTczNTk0ODk1XkEyXkFqcGdeQXVyNTAyODkwOQ@@._V1_SX300.jpg",
    "Title": "Star Wars: Episode VI - Return of the Jedi",
    "Type": "movie",
  },
  Object {
    "ID": "tt0120915",
    "Poster": "https://m.media-amazon.com/images/M/MV5BYTRhNjcwNWQtMGJmMi00NmQyLWE2YzItODVmMTdjNWI0ZDA2XkEyXkFqcGdeQXVyNTAyODkwOQ@@._V1_SX300.jpg",
    "Title": "Star Wars: Episode I - The Phantom Menace",
    "Type": "movie",
  },
  Object {
    "ID": "tt0121765",
    "Poster": "https://m.media-amazon.com/images/M/MV5BMDAzM2M0Y2UtZjRmZi00MzVlLTg4MjEtOTE3NzU5ZDVlMTU5XkEyXkFqcGdeQXVyNDUyOTg3Njg@._V1_SX300.jpg",
    "Title": "Star Wars: Episode II - Attack of the Clones",
    "Type": "movie",
  },
  Object {
    "ID": "tt0121766",
    "Poster": "https://m.media-amazon.com/images/M/MV5BNTc4MTc3NTQ5OF5BMl5BanBnXkFtZTcwOTg0NjI4NA@@._V1_SX300.jpg",
    "Title": "Star Wars: Episode III - Revenge of the Sith",
    "Type": "movie",
  },
]
`;

exports[`getMovies one of the sources returns empty data 1`] = `
Array [
  Object {
    "ID": "tt2488496",
    "Poster": "https://m.media-amazon.com/images/M/MV5BOTAzODEzNDAzMl5BMl5BanBnXkFtZTgwMDU1MTgzNzE@._V1_SX300.jpg",
    "Title": "Star Wars: Episode VII - The Force Awakens",
    "Type": "movie",
  },
  Object {
    "ID": "tt2527336",
    "Poster": "https://m.media-amazon.com/images/M/MV5BMjQ1MzcxNjg4N15BMl5BanBnXkFtZTgwNzgwMjY4MzI@._V1_SX300.jpg",
    "Title": "Star Wars: Episode VIII - The Last Jedi",
    "Type": "movie",
  },
  Object {
    "ID": "tt2527338",
    "Poster": "https://m.media-amazon.com/images/M/MV5BMDljNTQ5ODItZmQwMy00M2ExLTljOTQtZTVjNGE2NTg0NGIxXkEyXkFqcGdeQXVyODkzNTgxMDg@._V1_SX300.jpg",
    "Title": "Star Wars: Episode IX - The Rise of Skywalker",
    "Type": "movie",
  },
  Object {
    "ID": "tt3748528",
    "Poster": "https://m.media-amazon.com/images/M/MV5BMjEwMzMxODIzOV5BMl5BanBnXkFtZTgwNzg3OTAzMDI@._V1_SX300.jpg",
    "Title": "Rogue One: A Star Wars Story",
    "Type": "movie",
  },
  Object {
    "ID": "tt3778644",
    "Poster": "https://m.media-amazon.com/images/M/MV5BOTM2NTI3NTc3Nl5BMl5BanBnXkFtZTgwNzM1OTQyNTM@._V1_SX300.jpg",
    "Title": "Solo: A Star Wars Story",
    "Type": "movie",
  },
  Object {
    "ID": "tt0076759",
    "Poster": "https://m.media-amazon.com/images/M/MV5BNzVlY2MwMjktM2E4OS00Y2Y3LWE3ZjctYzhkZGM3YzA1ZWM2XkEyXkFqcGdeQXVyNzkwMjQ5NzM@._V1_SX300.jpg",
    "Title": "Star Wars: Episode IV - A New Hope",
    "Type": "movie",
  },
  Object {
    "ID": "tt0080684",
    "Poster": "https://m.media-amazon.com/images/M/MV5BYmU1NDRjNDgtMzhiMi00NjZmLTg5NGItZDNiZjU5NTU4OTE0XkEyXkFqcGdeQXVyNzkwMjQ5NzM@._V1_SX300.jpg",
    "Title": "Star Wars: Episode V - The Empire Strikes Back",
    "Type": "movie",
  },
  Object {
    "ID": "tt0086190",
    "Poster": "https://m.media-amazon.com/images/M/MV5BOWZlMjFiYzgtMTUzNC00Y2IzLTk1NTMtZmNhMTczNTk0ODk1XkEyXkFqcGdeQXVyNTAyODkwOQ@@._V1_SX300.jpg",
    "Title": "Star Wars: Episode VI - Return of the Jedi",
    "Type": "movie",
  },
  Object {
    "ID": "tt0120915",
    "Poster": "https://m.media-amazon.com/images/M/MV5BYTRhNjcwNWQtMGJmMi00NmQyLWE2YzItODVmMTdjNWI0ZDA2XkEyXkFqcGdeQXVyNTAyODkwOQ@@._V1_SX300.jpg",
    "Title": "Star Wars: Episode I - The Phantom Menace",
    "Type": "movie",
  },
  Object {
    "ID": "tt0121765",
    "Poster": "https://m.media-amazon.com/images/M/MV5BMDAzM2M0Y2UtZjRmZi00MzVlLTg4MjEtOTE3NzU5ZDVlMTU5XkEyXkFqcGdeQXVyNDUyOTg3Njg@._V1_SX300.jpg",
    "Title": "Star Wars: Episode II - Attack of the Clones",
    "Type": "movie",
  },
  Object {
    "ID": "tt0121766",
    "Poster": "https://m.media-amazon.com/images/M/MV5BNTc4MTc3NTQ5OF5BMl5BanBnXkFtZTcwOTg0NjI4NA@@._V1_SX300.jpg",
    "Title": "Star Wars: Episode III - Revenge of the Sith",
    "Type": "movie",
  },
]
`;
